JOBID   USER    STAT  QUEUE      FROM_HOST   EXEC_HOST   JOB_NAME   SUBMIT_TIME  PROJ_NAME CPU_USED MEM SWAP PIDS START_TIME FINISH_TIME SLOTS
235     test01  RUN   normal     lsf-server  8*node-a    #!/bin/bash; #BSUB -q normal;#BSUB -n 8;#BSUB -R "span[ptile=24]";#BSUB -e %J.err;#BSUB -o %J.out; /usr/bin/sleep 100000 10/08-11:18:43 default    000:00:28.00 2      0      14583,14588,14592,14593 10/08-11:18:45 -  8
236     test01  RUN   normal     lsf-server  8*lsf-server #!/bin/bash; #BSUB -q normal;#BSUB -n 8;#BSUB -R "span[ptile=24]";#BSUB -e %J.err;#BSUB -o %J.out; /usr/bin/sleep 100000 10/08-11:24:02 default    000:00:15.00 2      0      16661,16662,16666,16667 10/08-11:24:03 -  8
237     test01  RUN   normal     lsf-server  8*node-b    #!/bin/bash; #BSUB -q normal;#BSUB -n 8;#BSUB -R "span[ptile=24]";#BSUB -e %J.err;#BSUB -o %J.out; /usr/bin/sleep 100000 10/08-11:24:09 default    000:00:20.00 2      0      20187,21768,21920,21924 10/08-11:24:10 -  8
238     test01  PEND  normal     lsf-server     -        #!/bin/bash; #BSUB -q normal;#BSUB -n 8;#BSUB -R "span[ptile=24]";#BSUB -e %J.err;#BSUB -o %J.out; /usr/bin/sleep 100000 10/08-11:24:09 default    000:00:00.00 0      0       -  -  -  -
239     test01  PEND  normal     lsf-server     -        #!/bin/bash; #BSUB -q normal;#BSUB -n 8;#BSUB -R "span[ptile=24]";#BSUB -e %J.err;#BSUB -o %J.out; /usr/bin/sleep 100000 10/08-11:24:10 default    000:00:00.00 0      0       -  -  -  -
240     test01  PEND  normal     lsf-server     -        testJob    10/08-11:26:38 default    000:00:00.00 0      0       -  -  -  -
